
============================================================
Testing ADMF.JK (expected: leasing)
============================================================
Subsector: leasing

Metrik Keuangan Utama (9 metrics):
  roa: Return on Assets (ROA)
  cash_flow: Operating Cash Flow
  net_income: Net Income
  roe: Return on Equity (ROE)
  net_margin: Net Profit Margin
  expense_ratio: Expense Ratio
  der: Debt to Equity Ratio (DER)
  npf_proxy: NPF Proxy (WriteOff/Loans)
  coc: Cost of Credit (CoC)

Metric Values (current year):
  roa: 4.32%
  cash_flow: 461,396,000,000
  net_income: 1,406,682,000,000
  roe: 12.17%
  net_margin: 17.71%
  expense_ratio: 91.41%
  der: 182.01%
  npf_proxy: N/A
  coc: 0.78%

Score: 8/11 (Kuat)

Historical [Return on Assets (ROA)]:
  2024: 4.32%
  2023: 6.27%
  2022: 6.45%
  2021: 5.12%

============================================================
Testing TRIM.JK (expected: securities)
============================================================
Subsector: securities

Metrik Keuangan Utama (8 metrics):
  roa: Return on Assets (ROA)
  cash_flow: Operating Cash Flow
  net_income: Net Income
  roe: Return on Equity (ROE)
  net_margin: Net Profit Margin
  expense_ratio: Expense Ratio
  der: Debt to Equity Ratio (DER)
  mkbd_proxy: MKBD Proxy (Equity/Assets)

Metric Values (current year):
  roa: 7.34%
  cash_flow: -354,047,433,000
  net_income: 259,843,692,000
  roe: 17.56%
  net_margin: 46.67%
  expense_ratio: 83.84%
  der: 139.28%
  mkbd_proxy: 41.79%

Score: 10/11 (Sangat Kuat)

Historical [Return on Assets (ROA)]:
  2024: 7.34%
  2023: 5.65%
  2022: 8.41%
  2021: 2.79%

============================================================
Testing PNIN.JK (expected: insurance)
============================================================
Subsector: insurance

Metrik Keuangan Utama (8 metrics):
  roa: Return on Assets (ROA)
  cash_flow: Operating Cash Flow
  net_income: Net Income
  roe: Return on Equity (ROE)
  net_margin: Net Profit Margin
  expense_ratio: Expense Ratio
  der: Debt to Equity Ratio (DER)
  loss_ratio: Loss Ratio (Proxy Combined Ratio)

Metric Values (current year):
  roa: 0.53%
  cash_flow: 17,800,124,000,000
  net_income: 1,391,083,000,000
  roe: 6.18%
  net_margin: 12.09%
  expense_ratio: 60.66%
  der: 851.91%
  loss_ratio: 13.93%

Score: 9/11 (Sangat Kuat)

Historical [Return on Assets (ROA)]:
  2024: 0.53%
  2023: 0.38%
  2022: 0.82%
  2021: 0.37%

============================================================
Testing BBCA.JK (expected: bank)
============================================================
Subsector: bank

Metrik Keuangan Utama (15 metrics):
  roa: Return on Assets (ROA)
  cash_flow: Operating Cash Flow
  net_income: Net Income
  accrual: Kualitas Laba (Accrual Ratio)
  lt_debt_ratio: Rasio Utang Jangka Panjang
  nim: Net Interest Margin (NIM)
  roe: Return on Equity (ROE)
  bopo: BOPO (Cost-to-Income)
  coc: Cost of Credit (CoC)
  cost_of_funds: Cost of Funds (CoF)
  npl: Non-Performing Loan (NPL)
  car: Capital Adequacy Ratio (CAR)
  ldr: Loan to Deposit Ratio (LDR)
  casa: CASA Ratio
  coverage_ratio: Coverage Ratio (CKPN)

Metric Values (current year):
  roa: 3.63%
  cash_flow: 77,508,785,000,000
  net_income: 57,537,287,000,000
  accrual: -1.26%
  lt_debt_ratio: 0.15%
  nim: 5.70%
  roe: 20.44%
  bopo: 30.70%
  coc: 0.40%
  cost_of_funds: 0.80%
  npl: 1.70%
  car: 26.60%
  ldr: 77.00%
  casa: 85.00%
  coverage_ratio: 183.80%

Score: 9/10 (Sangat Kuat)

Historical [Return on Assets (ROA)]:
  2025: 3.63%
  2024: 3.78%
  2023: 3.45%
  2022: 3.10%
